// Jest Snapshot v1, https://goo.gl/fbAQLP

exports[`should render PastWords correctly 1`] = `
<div>
  <h3
    className="module__title"
  >
    Last 10 Words
  </h3>
  <Connect(PastWordsList) />
</div>
`;
