// Jest Snapshot v1, https://goo.gl/fbAQLP

exports[`should render Stats correctly 1`] = `
<div>
  <h3
    className="module__title"
  >
    Stats
  </h3>
  <div
    className="stats__group"
  >
    <p>
      Wins: 
      5
    </p>
    <p>
      Losses: 
      2
    </p>
  </div>
</div>
`;
