// Jest Snapshot v1, https://goo.gl/fbAQLP

exports[`should render DashboardModule with the Stats module correctly 1`] = `
<div
  className="module module--stats"
>
  <Stats />
</div>
`;
