// Jest Snapshot v1, https://goo.gl/fbAQLP

exports[`should render SignupPage correctly 1`] = `
<div
  className="box-layout"
>
  <div
    className="box-layout__box"
  >
    <h1
      className="box-layout__title"
    >
      Signup
    </h1>
    <Connect(Signup) />
  </div>
</div>
`;
